eeschema (25-Oct-2014 BZR 4029)-stable  >> Creation date: 2015年05月14日 星期四 18时41分41秒
#Cmp ( order = Reference )
| C1         F1          
| C2         100n        
| C3         100n        
| C4         100n        
| C5         1u          
| C6         0.01u       
| C7         4.7u        
| CON1       USB-MINI-B  
| D1         LED RX      
| D2         LED TX      
| D3         LED         
| R1         1K          
| R2         1K          
| R3         1k          
| R4         1k          
| R5         1K          
| U1         FT232RL     
| U2         XBEE        
| U3         LP2992      
#End Cmp

#Cmp ( order = Value )
| 0.01u        C6        
| 100n         C2        
| 100n         C3        
| 100n         C4        
| 1u           C5        
| 4.7u         C7        
| F1           C1        
| USB-MINI-B   CON1      
| LED RX       D1        
| LED TX       D2        
| LED          D3        
| 1K           R1        
| 1K           R2        
| 1k           R3        
| 1k           R4        
| 1K           R5        
| FT232RL      U1        
| XBEE         U2        
| LP2992       U3        
#End Cmp

#End List
